RPN_COMM_C_interface.o
RPN_COMM_WTIME.o
RPN_COMM_Xpose1.o
RPN_COMM_Xpose148.o
RPN_COMM_Xpose2.o
RPN_COMM_Xpose248.o
RPN_COMM_adj_halo.o
RPN_COMM_adj_halo48.o
RPN_COMM_allgather.o
RPN_COMM_allreduce.o
RPN_COMM_alltoall.o
RPN_COMM_barrier.o
RPN_COMM_bcast.o
RPN_COMM_bcst_world.o
RPN_COMM_bcst_x.o
RPN_COMM_bloc.o
RPN_COMM_bloctopo.o
RPN_COMM_c_io.o
RPN_COMM_carac.o
RPN_COMM_chdir.o
RPN_COMM_coll.o
RPN_COMM_colors.o
RPN_COMM_comm.o
RPN_COMM_compress.o
RPN_COMM_const.o
RPN_COMM_datyp.o
RPN_COMM_debug.o
RPN_COMM_defo.o
RPN_COMM_diag.o
RPN_COMM_dist.o
RPN_COMM_f2c.o
RPN_COMM_finalize.o
RPN_COMM_gather.o
RPN_COMM_gather_e1y3.o
RPN_COMM_gatherv.o
RPN_COMM_getenv.o
RPN_COMM_globalsum.o
RPN_COMM_grank.o
RPN_COMM_grid_2d.o
RPN_COMM_grid_redist.o
RPN_COMM_group.o
RPN_COMM_halo.o
RPN_COMM_haloflip.o
RPN_COMM_init.o
RPN_COMM_io.o
RPN_COMM_io_dist_coll.o
RPN_COMM_io_pe_list.o
RPN_COMM_io_pes.o
RPN_COMM_irecv.o
RPN_COMM_is_null.o
RPN_COMM_isend.o
RPN_COMM_limit.o
RPN_COMM_local_dist.o
RPN_COMM_low2up.o
RPN_COMM_manage_halo.o
RPN_COMM_mod.o
RPN_COMM_move.o
RPN_COMM_mype.o
RPN_COMM_openmp.o
RPN_COMM_oper.o
RPN_COMM_options.o
RPN_COMM_optn.o
RPN_COMM_petopo.o
RPN_COMM_progatate_boundary.o
RPN_COMM_ptr.o
RPN_COMM_qadl.o
RPN_COMM_rank.o
RPN_COMM_recv.o
RPN_COMM_reduce.o
RPN_COMM_scatterv.o
RPN_COMM_send.o
RPN_COMM_sendrecv.o
RPN_COMM_shmget.o
RPN_COMM_size.o
RPN_COMM_sock.o
RPN_COMM_split.o
RPN_COMM_spread.o
RPN_COMM_status_size.o
RPN_COMM_swapns.o
RPN_COMM_topo.o
RPN_COMM_topo_xy.o
RPN_COMM_transpose.o
RPN_COMM_transpose48.o
RPN_COMM_transpose_utils.o
RPN_COMM_types.o
RPN_COMM_unbind_process.o
RPN_COMM_unit.o
RPN_COMM_version.o
RPN_COMM_waitall_nostat.o
RPN_COMM_window.o
RPN_COMM_wtime.o
RPN_COMM_xch_halo.o
RPN_COMM_xch_halo_8.o
RPN_COMM_xch_haloew.o
RPN_COMM_xch_halon.o
RPN_COMM_xch_halons.o
RPN_COMM_xch_halosl.o
RPN_COMM_xch_halox.o
RPN_COMM_ezwin.o
RPN_COMM_split_by_node.o
